

================================================================
== Vivado HLS Report for 'Mat2AXIvideo_32_1080_1920_16_s'
================================================================
* Date:           Fri Dec  4 16:20:40 2015

* Version:        2013.2 (build date: Thu Jun 13 16:07:59 PM 2013)
* Project:        prj
* Solution:       solution1
* Product family: zynq zynq_fpv6 
* Target device:  xc7z020clg484-1


================================================================
== Performance Estimates
================================================================
+ Timing (ns): 
    * Summary: 
    +---------+-------+----------+------------+
    |  Clock  | Target| Estimated| Uncertainty|
    +---------+-------+----------+------------+
    |default  |   6.67|      2.18|        0.83|
    +---------+-------+----------+------------+

+ Latency (clock cycles): 
    * Summary: 
    +-----+---------+-----+---------+---------+
    |    Latency    |    Interval   | Pipeline|
    | min |   max   | min |   max   |   Type  |
    +-----+---------+-----+---------+---------+
    |    1|  2076841|    1|  2076841|   none  |
    +-----+---------+-----+---------+---------+

    + Detail: 
        * Instance: 
        N/A

        * Loop: 
        +-------------+-----+---------+----------+-----------+-----------+----------+----------+
        |             |    Latency    | Iteration|  Initiation Interval  |   Trip   |          |
        |  Loop Name  | min |   max   |  Latency |  achieved |   target  |   Count  | Pipelined|
        +-------------+-----+---------+----------+-----------+-----------+----------+----------+
        |- Loop 1     |    0|  2076840| 3 ~ 1923 |          -|          -| 0 ~ 1080 |    no    |
        | + Loop 1.1  |    0|     1920|         2|          1|          1| 0 ~ 1920 |    yes   |
        +-------------+-----+---------+----------+-----------+-----------+----------+----------+



================================================================
== Utilization Estimates
================================================================
* Summary: 
+-----------------+---------+-------+--------+-------+
|       Name      | BRAM_18K| DSP48E|   FF   |  LUT  |
+-----------------+---------+-------+--------+-------+
|Expression       |        -|      -|       0|     87|
|FIFO             |        -|      -|       -|      -|
|Instance         |        -|      -|       -|      -|
|Memory           |        -|      -|       -|      -|
|Multiplexer      |        -|      -|       -|     24|
|Register         |        -|      -|      57|      -|
|ShiftMemory      |        -|      -|       -|      -|
+-----------------+---------+-------+--------+-------+
|Total            |        0|      0|      57|    111|
+-----------------+---------+-------+--------+-------+
|Available        |      280|    220|  106400|  53200|
+-----------------+---------+-------+--------+-------+
|Utilization (%)  |        0|      0|   ~0   |   ~0  |
+-----------------+---------+-------+--------+-------+

+ Detail: 
    * Instance: 
    N/A

    * Memory: 
    N/A

    * FIFO: 
    N/A

    * Shift register: 
    N/A

    * Expression: 
    +---------------------------+----------+-------+---+----+------------+------------+
    |       Variable Name       | Operation| DSP48E| FF| LUT| Bitwidth P0| Bitwidth P1|
    +---------------------------+----------+-------+---+----+------------+------------+
    |i_V_fu_206_p2              |     +    |      0|  0|  12|          12|           1|
    |j_V_fu_217_p2              |     +    |      0|  0|  12|          12|           1|
    |op2_assign_fu_190_p2       |     +    |      0|  0|  13|          13|           2|
    |AXI_video_strm_V_1_status  |    and   |      0|  0|   2|           1|           1|
    |axi_last_V_fu_227_p2       |   icmp   |      0|  0|  16|          13|          13|
    |exitcond2_fu_212_p2        |   icmp   |      0|  0|  14|          12|          12|
    |exitcond_fu_201_p2         |   icmp   |      0|  0|  14|          12|          12|
    |ap_sig_bdd_102             |    or    |      0|  0|   2|           1|           1|
    |ap_sig_bdd_72              |    or    |      0|  0|   2|           1|           1|
    +---------------------------+----------+-------+---+----+------------+------------+
    |Total                      |          |      0|  0|  87|          77|          44|
    +---------------------------+----------+-------+---+----+------------+------------+

    * Multiplexer: 
    +---------------+----+-----------+-----+-----------+
    |      Name     | LUT| Input Size| Bits| Total Bits|
    +---------------+----+-----------+-----+-----------+
    |t_V_7_reg_174  |  12|          2|   12|         24|
    |t_V_reg_163    |  12|          2|   12|         24|
    +---------------+----+-----------+-----+-----------+
    |Total          |  24|          4|   24|         48|
    +---------------+----+-----------+-----+-----------+

    * Register: 
    +-----------------------+----+-----+-----------+
    |          Name         | FF | Bits| Const Bits|
    +-----------------------+----+-----+-----------+
    |ap_CS_fsm              |   2|    2|          0|
    |ap_done_reg            |   1|    1|          0|
    |ap_reg_ppiten_pp0_it0  |   1|    1|          0|
    |ap_reg_ppiten_pp0_it1  |   1|    1|          0|
    |axi_last_V_reg_293     |   1|    1|          0|
    |exitcond2_reg_284      |   1|    1|          0|
    |i_V_reg_279            |  12|   12|          0|
    |op2_assign_reg_271     |  13|   13|          0|
    |sof_2_fu_100           |   1|    1|          0|
    |t_V_7_reg_174          |  12|   12|          0|
    |t_V_reg_163            |  12|   12|          0|
    +-----------------------+----+-----+-----------+
    |Total                  |  57|   57|          0|
    +-----------------------+----+-----+-----------+



================================================================
== Interface
================================================================
* Summary: 
+--------------------------------+-----+-----+---------+-------------------------------+--------------+
|            RTL Ports           | Dir | Bits| Protocol|         Source Object         |    C Type    |
+--------------------------------+-----+-----+---------+-------------------------------+--------------+
|ap_clk                          |  in |    1|        -| Mat2AXIvideo<32,1080,1920,16> | return value |
|ap_rst                          |  in |    1|        -| Mat2AXIvideo<32,1080,1920,16> | return value |
|ap_start                        |  in |    1|        -| Mat2AXIvideo<32,1080,1920,16> | return value |
|ap_done                         | out |    1|        -| Mat2AXIvideo<32,1080,1920,16> | return value |
|ap_continue                     |  in |    1|        -| Mat2AXIvideo<32,1080,1920,16> | return value |
|ap_idle                         | out |    1|        -| Mat2AXIvideo<32,1080,1920,16> | return value |
|ap_ready                        | out |    1|        -| Mat2AXIvideo<32,1080,1920,16> | return value |
|img_rows_V_read                 |  in |   12| ap_none |        img_rows_V_read        |    scalar    |
|img_cols_V_read                 |  in |   12| ap_none |        img_cols_V_read        |    scalar    |
|img_data_stream_0_V_dout        |  in |    8| ap_fifo |      img_data_stream_0_V      |    pointer   |
|img_data_stream_0_V_empty_n     |  in |    1| ap_fifo |      img_data_stream_0_V      |    pointer   |
|img_data_stream_0_V_read        | out |    1| ap_fifo |      img_data_stream_0_V      |    pointer   |
|img_data_stream_1_V_dout        |  in |    8| ap_fifo |      img_data_stream_1_V      |    pointer   |
|img_data_stream_1_V_empty_n     |  in |    1| ap_fifo |      img_data_stream_1_V      |    pointer   |
|img_data_stream_1_V_read        | out |    1| ap_fifo |      img_data_stream_1_V      |    pointer   |
|img_data_stream_2_V_dout        |  in |    8| ap_fifo |      img_data_stream_2_V      |    pointer   |
|img_data_stream_2_V_empty_n     |  in |    1| ap_fifo |      img_data_stream_2_V      |    pointer   |
|img_data_stream_2_V_read        | out |    1| ap_fifo |      img_data_stream_2_V      |    pointer   |
|AXI_video_strm_V_data_V_din     | out |   32| ap_fifo |    AXI_video_strm_V_data_V    |    pointer   |
|AXI_video_strm_V_data_V_full_n  |  in |    1| ap_fifo |    AXI_video_strm_V_data_V    |    pointer   |
|AXI_video_strm_V_data_V_write   | out |    1| ap_fifo |    AXI_video_strm_V_data_V    |    pointer   |
|AXI_video_strm_V_keep_V_din     | out |    4| ap_fifo |    AXI_video_strm_V_keep_V    |    pointer   |
|AXI_video_strm_V_keep_V_full_n  |  in |    1| ap_fifo |    AXI_video_strm_V_keep_V    |    pointer   |
|AXI_video_strm_V_keep_V_write   | out |    1| ap_fifo |    AXI_video_strm_V_keep_V    |    pointer   |
|AXI_video_strm_V_strb_V_din     | out |    4| ap_fifo |    AXI_video_strm_V_strb_V    |    pointer   |
|AXI_video_strm_V_strb_V_full_n  |  in |    1| ap_fifo |    AXI_video_strm_V_strb_V    |    pointer   |
|AXI_video_strm_V_strb_V_write   | out |    1| ap_fifo |    AXI_video_strm_V_strb_V    |    pointer   |
|AXI_video_strm_V_user_V_din     | out |    1| ap_fifo |    AXI_video_strm_V_user_V    |    pointer   |
|AXI_video_strm_V_user_V_full_n  |  in |    1| ap_fifo |    AXI_video_strm_V_user_V    |    pointer   |
|AXI_video_strm_V_user_V_write   | out |    1| ap_fifo |    AXI_video_strm_V_user_V    |    pointer   |
|AXI_video_strm_V_last_V_din     | out |    1| ap_fifo |    AXI_video_strm_V_last_V    |    pointer   |
|AXI_video_strm_V_last_V_full_n  |  in |    1| ap_fifo |    AXI_video_strm_V_last_V    |    pointer   |
|AXI_video_strm_V_last_V_write   | out |    1| ap_fifo |    AXI_video_strm_V_last_V    |    pointer   |
|AXI_video_strm_V_id_V_din       | out |    1| ap_fifo |     AXI_video_strm_V_id_V     |    pointer   |
|AXI_video_strm_V_id_V_full_n    |  in |    1| ap_fifo |     AXI_video_strm_V_id_V     |    pointer   |
|AXI_video_strm_V_id_V_write     | out |    1| ap_fifo |     AXI_video_strm_V_id_V     |    pointer   |
|AXI_video_strm_V_dest_V_din     | out |    1| ap_fifo |    AXI_video_strm_V_dest_V    |    pointer   |
|AXI_video_strm_V_dest_V_full_n  |  in |    1| ap_fifo |    AXI_video_strm_V_dest_V    |    pointer   |
|AXI_video_strm_V_dest_V_write   | out |    1| ap_fifo |    AXI_video_strm_V_dest_V    |    pointer   |
+--------------------------------+-----+-----+---------+-------------------------------+--------------+

