

================================================================
== Vivado HLS Report for 'Sobel_1_0_3_16_16_1080_1920_1080_1920_s'
================================================================
* Date:           Fri Dec  4 16:20:33 2015

* Version:        2013.2 (build date: Thu Jun 13 16:07:59 PM 2013)
* Project:        prj
* Solution:       solution1
* Product family: zynq zynq_fpv6 
* Target device:  xc7z020clg484-1


================================================================
== Performance Estimates
================================================================
+ Timing (ns): 
    * Summary: 
    +---------+-------+----------+------------+
    |  Clock  | Target| Estimated| Uncertainty|
    +---------+-------+----------+------------+
    |default  |   6.67|      5.65|        0.83|
    +---------+-------+----------+------------+

+ Latency (clock cycles): 
    * Summary: 
    +-----+---------+-----+---------+---------+
    |    Latency    |    Interval   | Pipeline|
    | min |   max   | min |   max   |   Type  |
    +-----+---------+-----+---------+---------+
    |  133|  2089848|  133|  2089848|   none  |
    +-----+---------+-----+---------+---------+

    + Detail: 
        * Instance: 
        +--------------------------------------------------------------------------+---------------------------------------------------------------+-----+---------+-----+---------+---------+
        |                                                                          |                                                               |    Latency    |    Interval   | Pipeline|
        |                                 Instance                                 |                             Module                            | min |   max   | min |   max   |   Type  |
        +--------------------------------------------------------------------------+---------------------------------------------------------------+-----+---------+-----+---------+---------+
        |grp_filter_opr_filter2d_kernel_16_16_ap_int_8_int_1080_1920_3_3_s_fu_139  |filter_opr_filter2d_kernel_16_16_ap_int_8_int_1080_1920_3_3_s  |   98|  2089813|   98|  2089813|   none  |
        +--------------------------------------------------------------------------+---------------------------------------------------------------+-----+---------+-----+---------+---------+

        * Loop: 
        +-------------+-----+-----+----------+-----------+-----------+------+----------+
        |             |  Latency  | Iteration|  Initiation Interval  | Trip |          |
        |  Loop Name  | min | max |  Latency |  achieved |   target  | Count| Pipelined|
        +-------------+-----+-----+----------+-----------+-----------+------+----------+
        |- Loop 1     |   33|   33|        11|          -|          -|     3|    no    |
        | + Loop 1.1  |    9|    9|         3|          -|          -|     3|    no    |
        +-------------+-----+-----+----------+-----------+-----------+------+----------+



================================================================
== Utilization Estimates
================================================================
* Summary: 
+-----------------+---------+-------+--------+-------+
|       Name      | BRAM_18K| DSP48E|   FF   |  LUT  |
+-----------------+---------+-------+--------+-------+
|Expression       |        -|      -|       0|    238|
|FIFO             |        -|      -|       -|      -|
|Instance         |        9|     27|    2583|   2912|
|Memory           |        1|      -|       -|      -|
|Multiplexer      |        -|      -|       -|      4|
|Register         |        -|      -|     104|      -|
|ShiftMemory      |        -|      -|       -|      -|
+-----------------+---------+-------+--------+-------+
|Total            |       10|     27|    2687|   3154|
+-----------------+---------+-------+--------+-------+
|Available        |      280|    220|  106400|  53200|
+-----------------+---------+-------+--------+-------+
|Utilization (%)  |        3|     12|       2|      5|
+-----------------+---------+-------+--------+-------+

+ Detail: 
    * Instance: 
    +--------------------------------------------------------------------------+---------------------------------------------------------------+---------+-------+------+------+
    |                                 Instance                                 |                             Module                            | BRAM_18K| DSP48E|  FF  |  LUT |
    +--------------------------------------------------------------------------+---------------------------------------------------------------+---------+-------+------+------+
    |grp_filter_opr_filter2d_kernel_16_16_ap_int_8_int_1080_1920_3_3_s_fu_139  |filter_opr_filter2d_kernel_16_16_ap_int_8_int_1080_1920_3_3_s  |        9|     27|  2583|  2912|
    +--------------------------------------------------------------------------+---------------------------------------------------------------+---------+-------+------+------+
    |Total                                                                     |                                                               |        9|     27|  2583|  2912|
    +--------------------------------------------------------------------------+---------------------------------------------------------------+---------+-------+------+------+

    * Memory: 
    +-------+-------------------------------------------+---------+------+-----+------+-------------+
    | Memory|                   Module                  | BRAM_18K| Words| Bits| Banks| W*Bits*Banks|
    +-------+-------------------------------------------+---------+------+-----+------+-------------+
    |a_U    |Sobel_1_0_3_16_16_1080_1920_1080_1920_s_a  |        1|     9|    3|     1|           27|
    +-------+-------------------------------------------+---------+------+-----+------+-------------+
    |Total  |                                           |        1|     9|    3|     1|           27|
    +-------+-------------------------------------------+---------+------+-----+------+-------------+

    * FIFO: 
    N/A

    * Shift register: 
    N/A

    * Expression: 
    +-------------------------------+----------+-------+---+----+------------+------------+
    |         Variable Name         | Operation| DSP48E| FF| LUT| Bitwidth P0| Bitwidth P1|
    +-------------------------------+----------+-------+---+----+------------+------------+
    |i_1_fu_212_p2                  |     +    |      0|  0|   2|           2|           1|
    |j_1_fu_276_p2                  |     +    |      0|  0|   2|           2|           1|
    |tmp_s_fu_282_p2                |     +    |      0|  0|   5|           5|           5|
    |tmp_fu_230_p2                  |     -    |      0|  0|   5|           5|           5|
    |kernel_val_0_2_V_fu_517_p3     |  Select  |      0|  0|   8|           1|           8|
    |kernel_val_2_2_V_10_fu_429_p3  |  Select  |      0|  0|   8|           1|           8|
    |kernel_val_2_2_V_11_fu_437_p3  |  Select  |      0|  0|   8|           1|           8|
    |kernel_val_2_2_V_12_fu_458_p3  |  Select  |      0|  0|   8|           1|           8|
    |kernel_val_2_2_V_13_fu_473_p3  |  Select  |      0|  0|   8|           1|           8|
    |kernel_val_2_2_V_14_fu_488_p3  |  Select  |      0|  0|   8|           1|           8|
    |kernel_val_2_2_V_15_fu_539_p3  |  Select  |      0|  0|   8|           1|           8|
    |kernel_val_2_2_V_16_fu_554_p3  |  Select  |      0|  0|   8|           1|           8|
    |kernel_val_2_2_V_6_fu_481_p3   |  Select  |      0|  0|   8|           1|           8|
    |kernel_val_2_2_V_fu_406_p3     |  Select  |      0|  0|   8|           1|           8|
    |newSel20_fu_414_p3             |  Select  |      0|  0|   8|           1|           8|
    |newSel22_fu_421_p3             |  Select  |      0|  0|   8|           1|           8|
    |newSel30_fu_444_p3             |  Select  |      0|  0|   8|           1|           8|
    |newSel34_fu_451_p3             |  Select  |      0|  0|   8|           1|           8|
    |newSel36_fu_466_p3             |  Select  |      0|  0|   8|           1|           8|
    |newSel37_fu_495_p3             |  Select  |      0|  0|   8|           1|           8|
    |newSel38_fu_502_p3             |  Select  |      0|  0|   8|           1|           8|
    |newSel39_fu_509_p3             |  Select  |      0|  0|   8|           1|           8|
    |newSel40_fu_532_p3             |  Select  |      0|  0|   8|           1|           8|
    |newSel41_fu_547_p3             |  Select  |      0|  0|   8|           1|           8|
    |newSel_fu_525_p3               |  Select  |      0|  0|   8|           1|           8|
    |or_cond12_fu_378_p2            |    and   |      0|  0|   2|           1|           1|
    |or_cond7_fu_369_p2             |    and   |      0|  0|   2|           1|           1|
    |sel_tmp12_fu_332_p2            |    and   |      0|  0|   2|           1|           1|
    |sel_tmp24_fu_337_p2            |    and   |      0|  0|   2|           1|           1|
    |sel_tmp31_fu_260_p2            |    and   |      0|  0|   2|           1|           1|
    |sel_tmp32_fu_342_p2            |    and   |      0|  0|   2|           1|           1|
    |sel_tmp40_fu_353_p2            |    and   |      0|  0|   2|           1|           1|
    |sel_tmp48_fu_358_p2            |    and   |      0|  0|   2|           1|           1|
    |tmp2_fu_320_p2                 |    and   |      0|  0|   2|           1|           1|
    |exitcond6_fu_270_p2            |   icmp   |      0|  0|   2|           2|           2|
    |exitcond_fu_206_p2             |   icmp   |      0|  0|   2|           2|           2|
    |sel_tmp11_fu_326_p2            |   icmp   |      0|  0|   2|           2|           1|
    |sel_tmp14_fu_242_p2            |   icmp   |      0|  0|   2|           2|           1|
    |sel_tmp29_fu_248_p2            |   icmp   |      0|  0|   2|           2|           1|
    |sel_tmp30_fu_254_p2            |   icmp   |      0|  0|   2|           2|           1|
    |sel_tmp39_fu_347_p2            |   icmp   |      0|  0|   2|           2|           1|
    |sel_tmp5_fu_308_p2             |   icmp   |      0|  0|   2|           2|           1|
    |sel_tmp7_fu_314_p2             |   icmp   |      0|  0|   2|           2|           1|
    |sel_tmp_fu_236_p2              |   icmp   |      0|  0|   2|           2|           1|
    |tmp_99_fu_302_p2               |   icmp   |      0|  0|   2|           2|           1|
    |ap_sig_bdd_64                  |    or    |      0|  0|   2|           1|           1|
    |or_cond11_fu_395_p2            |    or    |      0|  0|   2|           1|           1|
    |or_cond13_fu_401_p2            |    or    |      0|  0|   2|           1|           1|
    |or_cond5_fu_391_p2             |    or    |      0|  0|   2|           1|           1|
    |or_cond_fu_387_p2              |    or    |      0|  0|   2|           1|           1|
    |tmp3_fu_363_p2                 |    or    |      0|  0|   2|           1|           1|
    |tmp5_fu_374_p2                 |    or    |      0|  0|   2|           1|           1|
    |tmp_98_fu_296_p2               |    or    |      0|  0|   2|           2|           2|
    +-------------------------------+----------+-------+---+----+------------+------------+
    |Total                          |          |      0|  0| 238|          75|         211|
    +-------------------------------+----------+-------+---+----+------------+------------+

    * Multiplexer: 
    +-----------+----+-----------+-----+-----------+
    |    Name   | LUT| Input Size| Bits| Total Bits|
    +-----------+----+-----------+-----+-----------+
    |i_reg_114  |   2|          2|    2|          4|
    |j_reg_126  |   2|          2|    2|          4|
    +-----------+----+-----------+-----+-----------+
    |Total      |   4|          4|    4|          8|
    +-----------+----+-----------+-----+-----------+

    * Register: 
    +------------------------------------------------------------------------------------------------+---+-----+-----------+
    |                                              Name                                              | FF| Bits| Const Bits|
    +------------------------------------------------------------------------------------------------+---+-----+-----------+
    |a_load_reg_769                                                                                  |  3|    3|          0|
    |ap_CS_fsm                                                                                       |  3|    3|          0|
    |ap_done_reg                                                                                     |  1|    1|          0|
    |grp_filter_opr_filter2d_kernel_16_16_ap_int_8_int_1080_1920_3_3_s_fu_139_ap_start_ap_start_reg  |  1|    1|          0|
    |i_1_reg_674                                                                                     |  2|    2|          0|
    |i_reg_114                                                                                       |  2|    2|          0|
    |j_1_reg_752                                                                                     |  2|    2|          0|
    |j_reg_126                                                                                       |  2|    2|          0|
    |kernel_val_0_0_V_fu_54                                                                          |  8|    8|          0|
    |kernel_val_0_1_V_fu_58                                                                          |  8|    8|          0|
    |kernel_val_0_2_V_1_fu_62                                                                        |  8|    8|          0|
    |kernel_val_1_0_V_fu_66                                                                          |  8|    8|          0|
    |kernel_val_1_1_V_fu_70                                                                          |  8|    8|          0|
    |kernel_val_1_2_V_fu_74                                                                          |  8|    8|          0|
    |kernel_val_2_0_V_fu_78                                                                          |  8|    8|          0|
    |kernel_val_2_1_V_fu_82                                                                          |  8|    8|          0|
    |kernel_val_2_2_V_1_fu_86                                                                        |  8|    8|          0|
    |or_cond12_reg_811                                                                               |  1|    1|          0|
    |or_cond7_reg_804                                                                                |  1|    1|          0|
    |sel_tmp12_reg_774                                                                               |  1|    1|          0|
    |sel_tmp14_reg_690                                                                               |  1|    1|          0|
    |sel_tmp24_reg_780                                                                               |  1|    1|          0|
    |sel_tmp31_reg_698                                                                               |  1|    1|          0|
    |sel_tmp32_reg_786                                                                               |  1|    1|          0|
    |sel_tmp40_reg_791                                                                               |  1|    1|          0|
    |sel_tmp48_reg_797                                                                               |  1|    1|          0|
    |sel_tmp_reg_684                                                                                 |  1|    1|          0|
    |tmp_99_reg_762                                                                                  |  1|    1|          0|
    |tmp_reg_679                                                                                     |  5|    5|          0|
    +------------------------------------------------------------------------------------------------+---+-----+-----------+
    |Total                                                                                           |104|  104|          0|
    +------------------------------------------------------------------------------------------------+---+-----+-----------+



================================================================
== Interface
================================================================
* Summary: 
+-------------------------------+-----+-----+---------+----------------------------------------+--------------+
|           RTL Ports           | Dir | Bits| Protocol|              Source Object             |    C Type    |
+-------------------------------+-----+-----+---------+----------------------------------------+--------------+
|ap_clk                         |  in |    1|        -| Sobel<1,0,3,16,16,1080,1920,1080,1920> | return value |
|ap_rst                         |  in |    1|        -| Sobel<1,0,3,16,16,1080,1920,1080,1920> | return value |
|ap_start                       |  in |    1|        -| Sobel<1,0,3,16,16,1080,1920,1080,1920> | return value |
|ap_done                        | out |    1|        -| Sobel<1,0,3,16,16,1080,1920,1080,1920> | return value |
|ap_continue                    |  in |    1|        -| Sobel<1,0,3,16,16,1080,1920,1080,1920> | return value |
|ap_idle                        | out |    1|        -| Sobel<1,0,3,16,16,1080,1920,1080,1920> | return value |
|ap_ready                       | out |    1|        -| Sobel<1,0,3,16,16,1080,1920,1080,1920> | return value |
|p_src_rows_V_read              |  in |   12| ap_none |            p_src_rows_V_read           |    scalar    |
|p_src_cols_V_read              |  in |   12| ap_none |            p_src_cols_V_read           |    scalar    |
|p_src_data_stream_0_V_dout     |  in |    8| ap_fifo |          p_src_data_stream_0_V         |    pointer   |
|p_src_data_stream_0_V_empty_n  |  in |    1| ap_fifo |          p_src_data_stream_0_V         |    pointer   |
|p_src_data_stream_0_V_read     | out |    1| ap_fifo |          p_src_data_stream_0_V         |    pointer   |
|p_src_data_stream_1_V_dout     |  in |    8| ap_fifo |          p_src_data_stream_1_V         |    pointer   |
|p_src_data_stream_1_V_empty_n  |  in |    1| ap_fifo |          p_src_data_stream_1_V         |    pointer   |
|p_src_data_stream_1_V_read     | out |    1| ap_fifo |          p_src_data_stream_1_V         |    pointer   |
|p_src_data_stream_2_V_dout     |  in |    8| ap_fifo |          p_src_data_stream_2_V         |    pointer   |
|p_src_data_stream_2_V_empty_n  |  in |    1| ap_fifo |          p_src_data_stream_2_V         |    pointer   |
|p_src_data_stream_2_V_read     | out |    1| ap_fifo |          p_src_data_stream_2_V         |    pointer   |
|p_dst_data_stream_0_V_din      | out |    8| ap_fifo |          p_dst_data_stream_0_V         |    pointer   |
|p_dst_data_stream_0_V_full_n   |  in |    1| ap_fifo |          p_dst_data_stream_0_V         |    pointer   |
|p_dst_data_stream_0_V_write    | out |    1| ap_fifo |          p_dst_data_stream_0_V         |    pointer   |
|p_dst_data_stream_1_V_din      | out |    8| ap_fifo |          p_dst_data_stream_1_V         |    pointer   |
|p_dst_data_stream_1_V_full_n   |  in |    1| ap_fifo |          p_dst_data_stream_1_V         |    pointer   |
|p_dst_data_stream_1_V_write    | out |    1| ap_fifo |          p_dst_data_stream_1_V         |    pointer   |
|p_dst_data_stream_2_V_din      | out |    8| ap_fifo |          p_dst_data_stream_2_V         |    pointer   |
|p_dst_data_stream_2_V_full_n   |  in |    1| ap_fifo |          p_dst_data_stream_2_V         |    pointer   |
|p_dst_data_stream_2_V_write    | out |    1| ap_fifo |          p_dst_data_stream_2_V         |    pointer   |
+-------------------------------+-----+-----+---------+----------------------------------------+--------------+

